// Jest Snapshot v1, https://goo.gl/fbAQLP

exports[`src/util/query getGoogleSearchLink 1`] = `"https://google.com/search?q=trip"`;

exports[`src/util/query getGoogleSearchLink 2`] = `"https://google.com/search?q=asg12ar%23%40~%60+%2F%5C%2B()_%3A.%2C%3F'%5E%F0%9F%92%A9%7C%26%22"`;

exports[`src/util/query getOpenSearchURL 1`] = `"https://en.wikipedia.org/w/api.php?action=opensearch&search=rem&limit=10&namespace=0&format=json&origin=*"`;

exports[`src/util/query getOpenSearchURL 2`] = `"https://en.wikipedia.org/w/api.php?action=opensearch&search=rem&limit=30&namespace=0&format=json&origin=*"`;

exports[`src/util/query getPDFLink 1`] = `"https://en.wikipedia.org/api/rest_v1/page/pdf/stan"`;

exports[`src/util/query getPDFLink 2`] = `"https://en.wikipedia.org/api/rest_v1/page/pdf/sting"`;

exports[`src/util/query getThumbnailURL 1`] = `"https://en.wikipedia.org/w/api.php?action=query&titles=as|rem|tik|tak&prop=pageimages&format=json&origin=*&pithumbsize=100"`;

exports[`src/util/query getThumbnailURL 2`] = `"https://en.wikipedia.org/w/api.php?action=query&titles=as|rem|tik|tak&prop=pageimages&format=json&origin=*&pithumbsize=300"`;
